Traceback (most recent call last):
  File "/home/pf/.local/lib/python3.14/site-packages/jupyter_cache/executors/utils.py", line 58, in single_nb_execution
    executenb(
    ~~~~~~~~~^
        nb,
        ^^^
    ...<4 lines>...
        **kwargs,
        ^^^^^^^^^
    )
    ^
  File "/home/pf/.local/lib/python3.14/site-packages/nbclient/client.py", line 1323, in execute
    return NotebookClient(nb=nb, resources=resources, km=km, **kwargs).execute()
           ~~~~~~~~~~~~~~~~~~~~~~~~~~~~~~~~~~~~~~~~~~~~~~~~~~~~~~~~~~~~~~~~~~~^^
  File "/home/pf/.local/lib/python3.14/site-packages/jupyter_core/utils/__init__.py", line 165, in wrapped
    return loop.run_until_complete(inner)
           ~~~~~~~~~~~~~~~~~~~~~~~^^^^^^^
  File "/usr/lib/python3.14/asyncio/base_events.py", line 719, in run_until_complete
    return future.result()
           ~~~~~~~~~~~~~^^
  File "/home/pf/.local/lib/python3.14/site-packages/nbclient/client.py", line 709, in async_execute
    await self.async_execute_cell(
        cell, index, execution_count=self.code_cells_executed + 1
    )
  File "/home/pf/.local/lib/python3.14/site-packages/nbclient/client.py", line 1062, in async_execute_cell
    await self._check_raise_for_error(cell, cell_index, exec_reply)
  File "/home/pf/.local/lib/python3.14/site-packages/nbclient/client.py", line 918, in _check_raise_for_error
    raise CellExecutionError.from_cell_and_msg(cell, exec_reply_content)
nbclient.exceptions.CellExecutionError: An error occurred while executing the following cell:
------------------
from src.utils import *

data = r'''
Origin: Here 
include(lib_base.ckt)
include(lib_stm32.ckt)
include(lib_user.ckt)

Origin: Here 
command"\sf"

up_
move to (3.5,5)

    gnd();
Q1: fet_N(1.5,L);
    dot; {line right_ 1; tbox("Port Pin",1.5); }
Q2: fet_P(1.5,L);
    power(0.5, $\sf V_{cc}$)

    line from Q2.G left_ 0.5;
    line to (Here, Q1.G);
    dot; {line left_ 0.5; tbox("Digital Out",2,,<); }
    line to Q1.G
    circle at Q2.c - (2.5,0) rad 0.25 "A"


move to (11.5,5)
    up_;
    gnd();
Q3: fet_N(1.5,L);
    dot; {line right_ 1; tbox("Port Pin",1.5); }
Q4: fet_P(1.5,L);
    power(0.5, $\sf V_{cc}$)
R1: resistor(left_ 1 from Q3.G,E)
R2: resistor(left_ 1 from Q4.G,E)
    line 0.5 from R2.end;
    line to (Here, R1.end);
    dot; {line left_ 0.5; tbox("Digital Out",2,,<); }
    line to R1.end;
    circle at Q4.c - (3,0) rad 0.25 "B"


move to (3.5, 0)

    up_;
    gnd;
    resistor(1.5, E); rlabel(,\sf R_{PD},)
    dot; 
    {
        {line left_ 1.5; tbox("Digital In",2,, >);}
        line right_ 1;
        tbox("Port Pin",1.5); 
    }
Q5: fet_P(1.5,L);
    power(0.5, $\sf V_{cc}$);
    {line from Q5.G left_ 1; tbox("Digital Out",2,,<); }
    circle at Q5.c - (2.5,-1) rad 0.25 "C";


move to (11.5, 0)
    up_;
    gnd;
Q6: fet_N(1.5,L);
    dot; 
    {
        {line left_ 1.5; tbox("Digital In",2,, >);}
        line right_ 1;
        tbox("Port Pin",1.5); 
    }
    resistor(up_ 1.5, E); rlabel(,\sf R_{PU},)
    power(0.5, $\sf V_{cc}$);
    {line from Q6.G left_ 1; tbox("Digital Out",2,,<); }
    circle at Q6.c - (2.5,-2) rad 0.25 "D";
'''

_ = cm_compile('img_0100c', data,  dpi=600)   
------------------


[31m---------------------------------------------------------------------------[39m
[31mFileNotFoundError[39m                         Traceback (most recent call last)
[36mCell[39m[36m [39m[32mIn[2][39m[32m, line 77[39m
[32m      1[39m [38;5;28;01mfrom[39;00m[38;5;250m [39m[34;01msrc[39;00m[34;01m.[39;00m[34;01mutils[39;00m[38;5;250m [39m[38;5;28;01mimport[39;00m *
[32m      3[39m data = [33mr[39m[33m'''[39m
[32m      4[39m [33mOrigin: Here [39m
[32m      5[39m [33minclude(lib_base.ckt)[39m
[32m   (...)[39m[32m     74[39m [33m    circle at Q6.c - (2.5,-2) rad 0.25 [39m[33m"[39m[33mD[39m[33m"[39m[33m;[39m
[32m     75[39m [33m'''[39m
[32m---> [39m[32m77[39m _ = [43mcm_compile[49m[43m([49m[33;43m'[39;49m[33;43mimg_0100c[39;49m[33;43m'[39;49m[43m,[49m[43m [49m[43mdata[49m[43m,[49m[43m  [49m[43mdpi[49m[43m=[49m[32;43m600[39;49m[43m)[49m   

[36mFile [39m[32m~/asustorCloud/Share-Projekty/0010_MicroPython/micropython_book/src/utils.py:47[39m, in [36mcm_compile[39m[34m(file_name, cm_data, dpi, path)[39m
[32m     40[39m [38;5;28;01mdef[39;00m[38;5;250m [39m[34mcm_compile[39m(file_name, cm_data=[33m'[39m[33m'[39m, dpi=[32m300[39m, path=[33m'[39m[33m./src[39m[33m'[39m):
[32m     41[39m [38;5;250m    [39m[33;03m'''[39;00m
[32m     42[39m [33;03m    Konverzia textoveho retazcu s CircuitMacros na obrazok PNG.[39;00m
[32m     43[39m 
[32m     44[39m [33;03m    path - cesta od zdrojoveho kodu obrazkov ku knizniciam ./cm[39;00m
[32m     45[39m [33;03m    '''[39;00m
[32m---> [39m[32m47[39m     [43mos[49m[43m.[49m[43mchdir[49m[43m([49m[43mpath[49m[43m)[49m
[32m     49[39m     fp = [38;5;28mopen[39m( file_name + [33m'[39m[33m.ckt[39m[33m'[39m, [33m'[39m[33mw[39m[33m'[39m); 
[32m     50[39m     fp.write(cm_start + cm_data + cm_end);

[31mFileNotFoundError[39m: [Errno 2] No such file or directory: './src'

